// Jest Snapshot v1, https://goo.gl/fbAQLP

exports[`LandingPage should match the snapshot 1`] = `
<View
  style={
    Object {
      "flex": 1,
    }
  }
  testID="lp-view"
>
  <View
    style={
      Object {
        "alignItems": "center",
        "backgroundColor": "black",
        "borderBottomColor": "#f2f2f2",
        "borderBottomWidth": 0.5,
        "flexDirection": "row",
        "justifyContent": "space-around",
        "paddingBottom": 10,
        "paddingHorizontal": 10,
        "paddingVertical": 10,
      }
    }
    testID="headerContainer"
  >
    <RNCSafeAreaView
      edges={
        Array [
          "left",
          "top",
          "right",
        ]
      }
      style={
        Object {
          "flexDirection": "row",
          "width": "100%",
        }
      }
    >
      <View
        style={
          Object {
            "alignItems": "flex-start",
            "flex": 1,
          }
        }
      />
      <View
        style={
          Object {
            "alignItems": "center",
            "flex": 3,
          }
        }
      >
        <Text
          numberOfLines={1}
          style={
            Object {
              "color": "#fff",
              "fontSize": 60,
              "fontWeight": "bold",
            }
          }
          text="Never Alone"
        >
          Never Alone
        </Text>
      </View>
      <View
        style={
          Object {
            "alignItems": "flex-end",
            "flex": 1,
          }
        }
      />
    </RNCSafeAreaView>
  </View>
  <View
    style={Object {}}
  >
    <Text
      style={
        Object {
          "alignSelf": "stretch",
          "color": "black",
          "fontSize": 60,
          "margin": 90,
          "textAlign": "center",
        }
      }
    >
      Choose Your Role:
    </Text>
    <View
      accessible={true}
      focusable={true}
      onClick={[Function]}
      onResponderGrant={[Function]}
      onResponderMove={[Function]}
      onResponderRelease={[Function]}
      onResponderTerminate={[Function]}
      onResponderTerminationRequest={[Function]}
      onStartShouldSetResponder={[Function]}
      style={
        Object {
          "backgroundColor": "#70cfff",
          "borderColor": "black",
          "borderRadius": 20,
          "color": "black",
          "elevation": 8,
          "fontSize": 50,
          "margin": 40,
          "opacity": 1,
          "padding": 20,
        }
      }
      testID="lp-caretaker-button"
    >
      <Text
        style={
          Object {
            "alignSelf": "stretch",
            "color": "black",
            "fontSize": 100,
            "margin": 40,
            "textAlign": "center",
          }
        }
      >
        Caretaker
      </Text>
    </View>
    <View
      accessible={true}
      focusable={true}
      onClick={[Function]}
      onResponderGrant={[Function]}
      onResponderMove={[Function]}
      onResponderRelease={[Function]}
      onResponderTerminate={[Function]}
      onResponderTerminationRequest={[Function]}
      onStartShouldSetResponder={[Function]}
      style={
        Object {
          "backgroundColor": "#9192ca",
          "borderColor": "black",
          "borderRadius": 20,
          "color": "black",
          "elevation": 8,
          "fontSize": 50,
          "margin": 40,
          "opacity": 1,
          "padding": 20,
        }
      }
    >
      <Text
        style={
          Object {
            "alignSelf": "stretch",
            "color": "black",
            "fontSize": 100,
            "margin": 40,
            "textAlign": "center",
          }
        }
      >
        Receiver
      </Text>
    </View>
  </View>
</View>
`;
