// Jest Snapshot v1, https://goo.gl/fbAQLP

exports[`ListItem should match the snapshot 1`] = `
<View
  accessible={true}
  focusable={true}
  onClick={[Function]}
  onResponderGrant={[Function]}
  onResponderMove={[Function]}
  onResponderRelease={[Function]}
  onResponderTerminate={[Function]}
  onResponderTerminationRequest={[Function]}
  onStartShouldSetResponder={[Function]}
  style={
    Object {
      "backgroundColor": "#f8f8f8",
      "borderBottomWidth": 1,
      "borderColor": "#eee",
      "opacity": 1,
      "padding": 15,
    }
  }
>
  <View
    style={
      Object {
        "flexDirection": "row",
      }
    }
  >
    <Text
      style={
        Object {
          "fontSize": 18,
        }
      }
    />
  </View>
</View>
`;
